// Jest Snapshot v1, https://goo.gl/fbAQLP

exports[`matches snapshot 1`] = `
<DocumentFragment>
  <div
    class="home col-md-10 card"
  >
    <div
      class="text-center card-body"
    >
      <div
        class="card-title"
      >
        <h1>
          Welcome back undefined!
        </h1>
      </div>
    </div>
  </div>
</DocumentFragment>
`;
